<?xml version="1.0" encoding="UTF-8"?>
<testsuites name="jest tests" tests="12" failures="0" errors="0" time="18.014">
  <testsuite name="src\tests\Search.test.js" errors="0" failures="0" skipped="0" timestamp="2023-08-25T10:20:03" time="6.077" tests="12">
    <testcase classname="Search component" name="should display label including number of items" time="0.077">
    </testcase>
    <testcase classname="Search component" name="should display product row cells" time="0.032">
    </testcase>
    <testcase classname="Search component" name="should display all columns by default" time="0.03">
    </testcase>
    <testcase classname="Search component" name="should display 2 products after filtering price between 10 and 100 (correct)" time="0.045">
    </testcase>
    <testcase classname="Search component" name="should display 6 products after filtering price between 100 and 1000 (correct)" time="0.044">
    </testcase>
    <testcase classname="Search component" name="should display 0 products after filtering price between 100 and 100 (correct)" time="0.039">
    </testcase>
    <testcase classname="Search component" name="should display 1 products after filtering price between 3 and 3 (correct)" time="0.048">
    </testcase>
    <testcase classname="Search component" name="should display 3 products after filtering price between 0 and 2 (correct (partial filter))" time="0.049">
    </testcase>
    <testcase classname="Search component" name="should display 2 products after filtering price between 900 and 0 (correct (partial filter))" time="0.047">
    </testcase>
    <testcase classname="Search component" name="should display 30 products after filtering price between 0 and 0 (correct (partial filter))" time="0.033">
    </testcase>
    <testcase classname="Search component" name="should display 0 products after filtering price between 1000 and 100 (incorrect (from &gt; to))" time="0.031">
    </testcase>
    <testcase classname="Search component" name="should display 0 products after filtering price between 0 and 0 (incorrect (price=0))" time="0.049">
    </testcase>
  </testsuite>
</testsuites>